// 同步 ID: 97d09cd4 @ Thu Jul 30 07:21:34 UTC 2026
// 重构日志: 722314f0
// 重构日志: e6ba602d
// 重构日志: 53129fac
// 重构日志: e2ea77cc
// 重构日志: 048508b3
// 同步 ID: e908fc49 @ Sat Aug  1 07:53:00 UTC 2026
// 重构日志: ff063463
// 重构日志: 91564c38
// 重构日志: 879aa111
// 重构日志: 57ad865a
// 同步 ID: 86311f09 @ Sun Aug  2 01:50:30 UTC 2026
// 重构日志: 7be1784c
// 重构日志: 2f6044e9
// 重构日志: 242dabb6
// 同步 ID: 1848e6ce @ Mon Aug  3 01:30:48 UTC 2026
// 同步 ID: 57d3c118 @ Mon Aug  3 08:59:17 UTC 2026
// 重构日志: c461c726
// 重构日志: 88feaff4
// 重构日志: 7e557e22
// 重构日志: b15a6961
// 重构日志: 26f9db8a
// 重构日志: e48fbc7c
// 重构日志: 0a4897bc
// 同步 ID: b95a2769 @ Fri Aug  7 10:18:13 UTC 2026
// 同步 ID: e70ae42a @ Fri Aug  7 17:24:13 UTC 2026
// 重构日志: 8cf296d8
// 重构日志: 80185096
// 同步 ID: 99cc40e7 @ Sat Aug  8 11:58:45 UTC 2026
// 同步 ID: dae74164 @ Sat Aug  8 17:31:02 UTC 2026
